// Jest Snapshot v1, https://goo.gl/fbAQLP

exports[`store should apply slices correctly 1`] = `
{
  "decrement": [Function],
  "increment": [Function],
  "incrementByAmount": [Function],
  "value": 0,
}
`;

exports[`store should apply slices correctly 2`] = `
{
  "decrement": [Function],
  "increment": [Function],
  "incrementByAmount": [Function],
  "value": 0,
}
`;
